[
    {
        "id": "@integer@",
        "is_unassigned": "@boolean@",
        "manager": {
            "id": "@integer@",
            "name": "@string@",
            "email": "@*@",
            "phone": "@*@",
            "created_at": "@string@.isDateTime()",
            "updated_at": "@string@.isDateTime()",
            "role": "@string@"
        },
        "break": "@number@",
        "start_time": "@string@.isDateTime()",
        "end_time": "@string@.isDateTime()",
        "created_at": "@string@.isDateTime()",
        "updated_at": "@string@.isDateTime()"
    },
    "@...@"
]
