[
    {
        "id": "@integer@",
        "name": "@string@",
        "email": "@*@",
        "phone": "@*@",
        "created_at": "@string@.isDateTime()",
        "updated_at": "@string@.isDateTime()",
        "role": "manager"
    },
    "@...@"
]
